../Core/Src/main.c:67:6:sendJoystickSignalToSlave	80	static
../Core/Src/main.c:91:6:HAL_UART_RxCpltCallback	16	static
../Core/Src/main.c:116:5:main	8	static
../Core/Src/main.c:178:6:SystemClock_Config	96	static
../Core/Src/main.c:225:13:MX_ADC1_Init	24	static
../Core/Src/main.c:272:13:MX_ADC2_Init	24	static
../Core/Src/main.c:319:13:MX_USART1_UART_Init	8	static
../Core/Src/main.c:352:13:MX_GPIO_Init	48	static
../Core/Src/main.c:399:13:MX_FSMC_Init	40	static
../Core/Src/main.c:463:6:Error_Handler	4	static,ignoring_inline_asm
