../Core/Src/main.c:79:6:HAL_UART_RxCpltCallback	16	static
../Core/Src/main.c:87:6:handleDistanceSensor	16	static
../Core/Src/main.c:125:5:main	8	static
../Core/Src/main.c:186:6:SystemClock_Config	72	static
../Core/Src/main.c:226:13:MX_I2C1_Init	8	static
../Core/Src/main.c:260:13:MX_TIM1_Init	32	static
../Core/Src/main.c:306:13:MX_USART1_UART_Init	8	static
../Core/Src/main.c:339:13:MX_GPIO_Init	48	static
../Core/Src/main.c:399:13:MX_FSMC_Init	40	static
../Core/Src/main.c:463:6:Error_Handler	4	static,ignoring_inline_asm
