../Core/Src/stm32f1xx_hal_msp.c:65:6:HAL_MspInit	24	static
../Core/Src/stm32f1xx_hal_msp.c:91:6:HAL_TIM_Base_MspInit	24	static
../Core/Src/stm32f1xx_hal_msp.c:107:6:HAL_TIM_MspPostInit	40	static
../Core/Src/stm32f1xx_hal_msp.c:137:6:HAL_TIM_Base_MspDeInit	16	static
../Core/Src/stm32f1xx_hal_msp.c:159:6:HAL_UART_MspInit	40	static
../Core/Src/stm32f1xx_hal_msp.c:201:6:HAL_UART_MspDeInit	16	static
../Core/Src/stm32f1xx_hal_msp.c:228:13:HAL_FSMC_MspInit	32	static
../Core/Src/stm32f1xx_hal_msp.c:282:6:HAL_SRAM_MspInit	16	static
../Core/Src/stm32f1xx_hal_msp.c:294:13:HAL_FSMC_MspDeInit	8	static
../Core/Src/stm32f1xx_hal_msp.c:340:6:HAL_SRAM_MspDeInit	16	static
